
╔════════════════════════════════════════════════════════════════════════════╗
║                  MASE Visual Interactive Test Runner                       ║
║                         Starting Test Execution                            ║
╚════════════════════════════════════════════════════════════════════════════╝

⚙️  Configuration:
   Mode: headless
   Browser: chromium (headless)
   Viewport: 1920x1080
   Slow Motion: 500ms
   WordPress: http://localhost:8080
   Filter - Tab: admin-bar

🌐 Initializing browser...
✅ Browser initialized

📂 Loading test scenarios...
✅ Loaded 4 test scenarios

🔐 Logging in to WordPress...

❌ Fatal error during test execution:
   Failed to login to WordPress: page.waitForSelector: Timeout 30000ms exceeded.
Call log:
[2m  - waiting for locator('#wpadminbar') to be visible[22m


Stack trace:
Error: Failed to login to WordPress: page.waitForSelector: Timeout 30000ms exceeded.
Call log:
[2m  - waiting for locator('#wpadminbar') to be visible[22m

    at TestHelpers.loginToWordPress (/var/www/html/wp-content/plugins/woow-admin/tests/visual-interactive/helpers.cjs:65:13)
    at async main (/var/www/html/wp-content/plugins/woow-admin/tests/visual-interactive/runner.cjs:318:5)
